// Jest Snapshot v1, https://goo.gl/fbAQLP

exports[`ImageFrame should render without problem 1`] = `
<div
  style={
    Object {
      "background": "red",
      "height": 340,
      "margin": 10,
      "position": "relative",
      "width": 255,
    }
  }
>
  <img
    alt="Title"
    height="340"
    src="imageUri"
    width="255"
  />
  <div
    style={
      Object {
        "alignItems": "center",
        "background": "rgba(0, 0, 0, 0.5)",
        "bottom": 0,
        "color": "white",
        "display": "flex",
        "flex": 1,
        "fontWeight": "400",
        "justifyContent": "center",
        "left": 0,
        "padding": "20px 5px",
        "position": "absolute",
        "right": 0,
      }
    }
  >
    Title
  </div>
</div>
`;
